============================================================
  Generated by:           Genus(TM) Synthesis Solution 23.14-s090_1
  Generated on:           Dec 14 2025  04:43:24 pm
  Module:                 AES128_updated_new
  Operating conditions:   tt_nominal_max_1p00v_25c (balanced_tree)
  Wireload mode:          top
  Area mode:              timing library
============================================================

     Instance           Module       Cell-Count  Cell-Area  Net-Area   Total-Area  Wireload  
---------------------------------------------------------------------------------------------
AES128_updated_new NA                      2694  11841.480     0.000    11841.480  Zero (D)  
  u1               AES_SBOX_SEQ             331   1698.120     0.000     1698.120  Zero (T)  
    rom            AES_SBOX_ROM              41     76.680     0.000       76.680  Zero (T)  
  u2               AES_MIXCOL_SEQ           297   1859.040     0.000     1859.040  Zero (T)  
  u3               AES_KEYEXP_SEQ           444   2049.840     0.000     2049.840  Zero (T)  
    s0             AES_SBOX_ROM_173          41     77.040     0.000       77.040  Zero (T)  
    s1             AES_SBOX_ROM_172          41     77.040     0.000       77.040  Zero (T)  
    s2             AES_SBOX_ROM_171          41     77.040     0.000       77.040  Zero (T)  
    s3             AES_SBOX_ROM_170          41     77.040     0.000       77.040  Zero (T)  
  (D) = wireload is default in technology library
  (T) = wireload mode is 'top'
