============================================================
  Generated by:           Genus(TM) Synthesis Solution 23.14-s090_1
  Generated on:           Dec 14 2025  04:43:23 pm
  Module:                 AES128_updated_new
  Operating conditions:   tt_nominal_max_1p00v_25c (balanced_tree)
  Wireload mode:          top
  Area mode:              timing library
============================================================


Path 1: MET (6806 ps) Setup Check with Pin round_key_reg[127]/CK->B
          Group: clk
     Startpoint: (R) state_reg[0]/CK
          Clock: (R) clk
       Endpoint: (F) round_key_reg[127]/B
          Clock: (R) clk

                     Capture       Launch     
        Clock Edge:+   10000            0     
       Src Latency:+       0            0     
       Net Latency:+       0 (I)        0 (I) 
           Arrival:=   10000            0     
                                              
             Setup:-      82                  
       Uncertainty:-      10                  
     Required Time:=    9908                  
      Launch Clock:-       0                  
         Data Path:-    3102                  
             Slack:=    6806                  

#------------------------------------------------------------------------------------------------------
#    Timing Point      Flags   Arc   Edge       Cell         Fanout  Load Trans Delay Arrival Instance 
#                                                                    (fF)  (ps)  (ps)   (ps)  Location 
#------------------------------------------------------------------------------------------------------
  state_reg[0]/CK      -       -     R     (arrival)            792     -   100     0       0    (-,-) 
  state_reg[0]/Q       -       CK->Q F     SDFFRPQ_X1M_A9TR      12  11.6   109   308     308    (-,-) 
  g27774/Y             -       A->Y  R     NAND2_X1B_A9TR         5   5.2    96    94     402    (-,-) 
  g27636/Y             -       B->Y  R     OR2_X0P5M_A9TR        86  89.7  2039  1128    1530    (-,-) 
  g27504/Y             -       A->Y  F     INV_X3M_A9TR         213 221.6  1060  1117    2647    (-,-) 
  g26921__6783/Y       -       B0->Y R     AOI222_X1M_A9TR        1   0.9   282   381    3028    (-,-) 
  g26857/Y             -       A->Y  F     INV_X0P7M_A9TR         1   0.7    78    74    3102    (-,-) 
  round_key_reg[127]/B <<<     -     F     A2DFFQ_X0P5M_A9TR      1     -     -     0    3102    (-,-) 
#------------------------------------------------------------------------------------------------------

