============================================================
  Generated by:           Genus(TM) Synthesis Solution 23.14-s090_1
  Generated on:           Dec 14 2025  04:43:24 pm
  Module:                 AES128_updated_new
  Operating conditions:   tt_nominal_max_1p00v_25c (balanced_tree)
  Wireload mode:          top
  Area mode:              timing library
============================================================

Timing
--------

Clock  Period 
--------------
clk   10000.0 


  Cost    Critical         Violating 
 Group   Path Slack  TNS     Paths   
-------------------------------------
clk          6806.5   0.0          0 
default    No paths   0.0            
-------------------------------------
Total                 0.0          0 

Instance Count
--------------
Leaf Instance Count             2694 
Physical Instance count            0 
Sequential Instance Count        792 
Combinational Instance Count    1902 
Hierarchical Instance Count        8 

Area
----
Cell Area                          11841.480
Physical Cell Area                 0.000
Total Cell Area (Cell+Physical)    11841.480
Net Area                           0.000
Total Area (Cell+Physical+Net)     11841.480

Max Fanout                         792 (clk)
Min Fanout                         1 (n_0)
Average Fanout                     2.9
Terms to net ratio                 3.7671
Terms to instance ratio            4.1307
Runtime                            44.70325499999999 seconds
Elapsed Runtime                    52 seconds
Genus peak memory usage            1924.31 
Innovus peak memory usage          no_value 
Hostname                           vlsilab6.coeptech.ac.in
